// Jest Snapshot v1, https://goo.gl/fbAQLP

exports[`AvailableTasks should render correctly 1`] = `
<DocumentFragment>
  <div
    aria-label="available-tasks"
  >
    <article
      class="pf-c-card"
      data-ouia-component-id="OUIA-Generated-Card-1"
      data-ouia-component-type="PF4/Card"
      data-ouia-safe="true"
      id=""
    >
      <div
        class="pf-c-card__title"
      >
        <div
          class="pf-c-skeleton ins-c-skeleton ins-c-skeleton__md"
        >
          <span
            class="pf-u-screen-reader"
          />
        </div>
      </div>
      <div
        class="pf-c-card__body"
      >
        <div
          class="pf-c-skeleton ins-c-skeleton ins-c-skeleton__md"
        >
          <span
            class="pf-u-screen-reader"
          />
        </div>
      </div>
      <div
        class="pf-c-card__footer"
      >
        <div
          class="pf-c-skeleton ins-c-skeleton ins-c-skeleton__md"
        >
          <span
            class="pf-u-screen-reader"
          />
        </div>
      </div>
    </article>
    <br />
    <article
      class="pf-c-card"
      data-ouia-component-id="OUIA-Generated-Card-2"
      data-ouia-component-type="PF4/Card"
      data-ouia-safe="true"
      id=""
    >
      <div
        class="pf-c-card__title"
      >
        <div
          class="pf-c-skeleton ins-c-skeleton ins-c-skeleton__md"
        >
          <span
            class="pf-u-screen-reader"
          />
        </div>
      </div>
      <div
        class="pf-c-card__body"
      >
        <div
          class="pf-c-skeleton ins-c-skeleton ins-c-skeleton__md"
        >
          <span
            class="pf-u-screen-reader"
          />
        </div>
      </div>
      <div
        class="pf-c-card__footer"
      >
        <div
          class="pf-c-skeleton ins-c-skeleton ins-c-skeleton__md"
        >
          <span
            class="pf-u-screen-reader"
          />
        </div>
      </div>
    </article>
    <br />
  </div>
</DocumentFragment>
`;
