// Jest Snapshot v1, https://goo.gl/fbAQLP

exports[`TasksPage should render correctly 1`] = `
<DocumentFragment>
  <section
    class="pf-l-page-header pf-c-page-header pf-l-page__main-section pf-c-page__main-section pf-m-light"
    widget-type="InsightsPageHeader"
  >
    <h1
      class="pf-c-title pf-m-2xl"
      data-ouia-component-id="OUIA-Generated-Title-1"
      data-ouia-component-type="PF4/Title"
      data-ouia-safe="true"
      widget-type="InsightsPageHeaderTitle"
    >
      Tasks
    </h1>
  </section>
  <div
    class="pf-c-tabs tabs-background"
    data-ouia-component-id="OUIA-Generated-Tabs-1"
    data-ouia-component-type="PF4/Tabs"
    data-ouia-safe="true"
  >
    <button
      aria-hidden="true"
      aria-label="Scroll left"
      class="pf-c-tabs__scroll-button"
      disabled=""
    >
      <svg
        aria-hidden="true"
        fill="currentColor"
        height="1em"
        role="img"
        style="vertical-align: -0.125em;"
        viewBox="0 0 256 512"
        width="1em"
      >
        <path
          d="M31.7 239l136-136c9.4-9.4 24.6-9.4 33.9 0l22.6 22.6c9.4 9.4 9.4 24.6 0 33.9L127.9 256l96.4 96.4c9.4 9.4 9.4 24.6 0 33.9L201.7 409c-9.4 9.4-24.6 9.4-33.9 0l-136-136c-9.5-9.4-9.5-24.6-.1-34z"
        />
      </svg>
    </button>
    <ul
      class="pf-c-tabs__list"
    >
      <li
        class="pf-c-tabs__item pf-m-current"
      >
        <button
          aria-controls="pf-tab-section-0-tabs-page-0"
          class="pf-c-tabs__link"
          data-ouia-component-type="PF4/TabButton"
          data-ouia-safe="true"
          id="pf-tab-0-tabs-page-0"
        >
          <span
            class="pf-c-tabs__item-text"
          >
            Available tasks
          </span>
        </button>
      </li>
      <li
        class="pf-c-tabs__item"
      >
        <button
          aria-controls="pf-tab-section-1-tabs-page-1"
          class="pf-c-tabs__link"
          data-ouia-component-type="PF4/TabButton"
          data-ouia-safe="true"
          id="pf-tab-1-tabs-page-1"
        >
          <span
            class="pf-c-tabs__item-text"
          >
            Completed tasks
          </span>
        </button>
      </li>
    </ul>
    <button
      aria-hidden="true"
      aria-label="Scroll right"
      class="pf-c-tabs__scroll-button"
      disabled=""
    >
      <svg
        aria-hidden="true"
        fill="currentColor"
        height="1em"
        role="img"
        style="vertical-align: -0.125em;"
        viewBox="0 0 256 512"
        width="1em"
      >
        <path
          d="M224.3 273l-136 136c-9.4 9.4-24.6 9.4-33.9 0l-22.6-22.6c-9.4-9.4-9.4-24.6 0-33.9l96.4-96.4-96.4-96.4c-9.4-9.4-9.4-24.6 0-33.9L54.3 103c9.4-9.4 24.6-9.4 33.9 0l136 136c9.5 9.4 9.5 24.6.1 34z"
        />
      </svg>
    </button>
  </div>
  <section
    class="pf-l-page__main-section pf-c-page__main-section"
    page-type=""
  >
    <div
      class="pf-l-stack pf-m-gutter"
    >
      <div
        class="pf-l-stack__item"
      >
        <span
          aria-label="Contents"
          aria-valuetext="Loading..."
          class="pf-c-spinner pf-m-xl"
          role="progressbar"
        >
          <span
            class="pf-c-spinner__clipper"
          />
          <span
            class="pf-c-spinner__lead-ball"
          />
          <span
            class="pf-c-spinner__tail-ball"
          />
        </span>
      </div>
    </div>
  </section>
</DocumentFragment>
`;
