// Jest Snapshot v1, https://goo.gl/fbAQLP

exports[`csvForItems returns an csv export of items for complete job 1`] = `
"data:text/csv;charset=utf-8,System name,Status,Message
"host_abc","Success","Completed""
`;

exports[`csvForItems returns some example csv export of items 1`] = `
"data:text/csv;charset=utf-8,Task,Systems,Run date/time
"taskA",10,"2022-04-20T10:10:00"
"taskB",5,"2022-04-21T10:10:00"
"special one",42,"2022-04
57
hehe"",""break!""
`;

exports[`jsonForItems returns an json export of items 1`] = `"data:application/json;charset=utf-8,%5B%7B%22Task%22:%22taskA%22,%22Systems%22:10,%22RunDateTime%22:%222022-04-20T10:10:00%22%7D,%7B%22Task%22:%22taskB%22,%22Systems%22:5,%22RunDateTime%22:%222022-04-21T10:10:00%22%7D,%7B%22Task%22:%22special%20one%22,%22Systems%22:42,%22RunDateTime%22:%222022-04%5Cn57%5Cnhehe%5C%22,%5C%22break!%22%7D%5D"`;

exports[`useExport returns an export config toolbar config 1`] = `
{
  "toolbarProps": {
    "exportConfig": {
      "isDisabled": false,
      "onSelect": [Function],
    },
  },
}
`;
