// Jest Snapshot v1, https://goo.gl/fbAQLP

exports[`usePaginate returns a paginate configuration 1`] = `
Object {
  "all": Array [
    Object {
      "paginator": [Function],
      "setPage": [Function],
      "toolbarProps": Object {
        "pagination": Object {
          "onPerPageSelect": [Function],
          "onSetPage": [Function],
          "page": 1,
          "perPage": 10,
        },
      },
    },
  ],
  "current": Object {
    "paginator": [Function],
    "setPage": [Function],
    "toolbarProps": Object {
      "pagination": Object {
        "onPerPageSelect": [Function],
        "onSetPage": [Function],
        "page": 1,
        "perPage": 10,
      },
    },
  },
  "error": undefined,
}
`;

exports[`usePaginate returns a paginate configuration 2`] = `
Array [
  Object {
    "end": null,
    "id": 1,
    "initiated_by": "Michael",
    "run_date_time": "Running",
    "start": "2022-04-21T10:10:00",
    "status": "running",
    "system_count": 10,
    "title": "taskA",
  },
  Object {
    "end": "2022-04-20T11:10:00",
    "id": 2,
    "initiated_by": "Michael",
    "run_date_time": "20 Apr 2022, 11:10 UTC",
    "start": "2022-04-20T10:10:00",
    "status": "complete",
    "system_count": 5,
    "title": "taskB",
  },
  Object {
    "end": "2022-04-28T11:10:00",
    "id": 3,
    "initiated_by": "Michael",
    "run_date_time": "25 Apr 2022, 11:10 UTC",
    "start": "2022-04-25T10:10:00",
    "status": "complete",
    "system_count": 3,
    "title": "taskB",
  },
]
`;
