// Jest Snapshot v1, https://goo.gl/fbAQLP

exports[`usePaginate returns a paginate configuration 1`] = `
{
  "all": [
    {
      "paginator": [Function],
      "setPage": [Function],
      "toolbarProps": {
        "pagination": {
          "onPerPageSelect": [Function],
          "onSetPage": [Function],
          "page": 1,
          "perPage": 10,
        },
      },
    },
  ],
  "current": {
    "paginator": [Function],
    "setPage": [Function],
    "toolbarProps": {
      "pagination": {
        "onPerPageSelect": [Function],
        "onSetPage": [Function],
        "page": 1,
        "perPage": 10,
      },
    },
  },
  "error": undefined,
}
`;

exports[`usePaginate returns a paginate configuration 2`] = `
[
  {
    "end_time": "2022-04-20T11:10:00",
    "id": 1,
    "initiated_by": "Michael",
    "run_date_time": "20 Apr 2022, 11:10 UTC",
    "start_time": "2022-04-20T10:10:00",
    "status": "Completed",
    "systems_count": 10,
    "task_slug": "taska",
    "task_title": "taskA",
  },
  {
    "end_time": "null",
    "id": 2,
    "initiated_by": "Michael",
    "run_date_time": "Running",
    "start_time": "2022-04-21T10:10:00",
    "status": "Running",
    "systems_count": 5,
    "task_slug": "taskb",
    "task_title": "taskB",
  },
  {
    "start_time": "2022-04
57
hehe","break!",
    "systems_count": 42,
    "task_title": "special one",
  },
  {
    "start_time": [
      42,
      "abc",
    ],
    "systems_count": 10,
    "task_title": "another one with unexpected array",
  },
]
`;
