// Jest Snapshot v1, https://goo.gl/fbAQLP

exports[`useRowsBuilder returns a rows configuration 1`] = `
{
  "all": [
    {
      "tableProps": {
        "rows": [
          {
            "cells": [
              {
                "title": "taskA",
              },
              {
                "title": 10,
              },
              {
                "title": "2022-04-20T10:10:00",
              },
            ],
            "display_name": undefined,
            "has_stdout": undefined,
            "itemId": undefined,
            "jobId": 1,
          },
          {
            "cells": [
              {
                "title": "taskB",
              },
              {
                "title": 5,
              },
              {
                "title": "2022-04-21T10:10:00",
              },
            ],
            "display_name": undefined,
            "has_stdout": undefined,
            "itemId": undefined,
            "jobId": 2,
          },
          {
            "cells": [
              {
                "title": "taskC",
              },
              {
                "title": 3,
              },
              {
                "title": "2022-04-25T10:10:00",
              },
            ],
            "display_name": undefined,
            "has_stdout": undefined,
            "itemId": undefined,
            "jobId": 3,
          },
        ],
      },
      "toolbarProps": {
        "pagination": undefined,
      },
    },
  ],
  "current": {
    "tableProps": {
      "rows": [
        {
          "cells": [
            {
              "title": "taskA",
            },
            {
              "title": 10,
            },
            {
              "title": "2022-04-20T10:10:00",
            },
          ],
          "display_name": undefined,
          "has_stdout": undefined,
          "itemId": undefined,
          "jobId": 1,
        },
        {
          "cells": [
            {
              "title": "taskB",
            },
            {
              "title": 5,
            },
            {
              "title": "2022-04-21T10:10:00",
            },
          ],
          "display_name": undefined,
          "has_stdout": undefined,
          "itemId": undefined,
          "jobId": 2,
        },
        {
          "cells": [
            {
              "title": "taskC",
            },
            {
              "title": 3,
            },
            {
              "title": "2022-04-25T10:10:00",
            },
          ],
          "display_name": undefined,
          "has_stdout": undefined,
          "itemId": undefined,
          "jobId": 3,
        },
      ],
    },
    "toolbarProps": {
      "pagination": undefined,
    },
  },
  "error": undefined,
}
`;
