// Jest Snapshot v1, https://goo.gl/fbAQLP

exports[`useRowsBuilder returns a rows configuration 1`] = `
Object {
  "all": Array [
    Object {
      "tableProps": Object {
        "rows": Array [
          Object {
            "cells": Array [
              Object {
                "title": "taskA",
              },
              Object {
                "title": 10,
              },
              Object {
                "title": "2022-04-20T10:10:00",
              },
            ],
            "display_name": undefined,
            "has_stdout": undefined,
            "itemId": undefined,
            "jobId": 1,
          },
          Object {
            "cells": Array [
              Object {
                "title": "taskB",
              },
              Object {
                "title": 5,
              },
              Object {
                "title": "2022-04-21T10:10:00",
              },
            ],
            "display_name": undefined,
            "has_stdout": undefined,
            "itemId": undefined,
            "jobId": 2,
          },
          Object {
            "cells": Array [
              Object {
                "title": "taskC",
              },
              Object {
                "title": 3,
              },
              Object {
                "title": "2022-04-25T10:10:00",
              },
            ],
            "display_name": undefined,
            "has_stdout": undefined,
            "itemId": undefined,
            "jobId": 3,
          },
        ],
      },
      "toolbarProps": Object {
        "pagination": undefined,
      },
    },
  ],
  "current": Object {
    "tableProps": Object {
      "rows": Array [
        Object {
          "cells": Array [
            Object {
              "title": "taskA",
            },
            Object {
              "title": 10,
            },
            Object {
              "title": "2022-04-20T10:10:00",
            },
          ],
          "display_name": undefined,
          "has_stdout": undefined,
          "itemId": undefined,
          "jobId": 1,
        },
        Object {
          "cells": Array [
            Object {
              "title": "taskB",
            },
            Object {
              "title": 5,
            },
            Object {
              "title": "2022-04-21T10:10:00",
            },
          ],
          "display_name": undefined,
          "has_stdout": undefined,
          "itemId": undefined,
          "jobId": 2,
        },
        Object {
          "cells": Array [
            Object {
              "title": "taskC",
            },
            Object {
              "title": 3,
            },
            Object {
              "title": "2022-04-25T10:10:00",
            },
          ],
          "display_name": undefined,
          "has_stdout": undefined,
          "itemId": undefined,
          "jobId": 3,
        },
      ],
    },
    "toolbarProps": Object {
      "pagination": undefined,
    },
  },
  "error": undefined,
}
`;
