// Jest Snapshot v1, https://goo.gl/fbAQLP

exports[`useTableSort returns a table sort configuration 1`] = `
{
  "current": {
    "sorter": [Function],
    "tableProps": {
      "cells": [
        {
          "props": {
            "width": 35,
          },
          "renderExport": [Function],
          "sortByProp": "task_title",
          "title": "Task",
          "transforms": [
            [Function],
          ],
        },
        {
          "props": {
            "width": 20,
          },
          "renderExport": [Function],
          "sortByProp": "systems_count",
          "title": "Systems",
          "transforms": [
            [Function],
          ],
        },
        {
          "props": {
            "width": 20,
          },
          "renderExport": [Function],
          "sortByProp": "start_time",
          "title": "Run date/time",
          "transforms": [
            [Function],
          ],
        },
      ],
      "onSort": [Function],
      "sortBy": {
        "direction": "asc",
        "index": 3,
      },
    },
  },
}
`;
