// Jest Snapshot v1, https://goo.gl/fbAQLP

exports[`useTableTools returns tableProps 1`] = `
Object {
  "all": Array [
    Object {
      "tableProps": Object {
        "cells": Array [
          Object {
            "props": Object {
              "width": 35,
            },
            "sortByProp": "title",
            "title": "Task",
            "transforms": Array [
              [Function],
            ],
          },
          Object {
            "props": Object {
              "width": 20,
            },
            "renderExport": [Function],
            "sortByProp": "system_count",
            "title": "Systems",
            "transforms": Array [
              [Function],
            ],
          },
          Object {
            "props": Object {
              "width": 20,
            },
            "sortByProp": "run_date_time",
            "title": "Run date/time",
            "transforms": Array [
              [Function],
            ],
          },
        ],
        "onSort": [Function],
        "rows": Array [
          Array [
            Object {
              "title": "taskA",
            },
            Object {
              "title": 10,
            },
            Object {
              "title": "Running",
            },
          ],
          Array [
            Object {
              "title": "taskB",
            },
            Object {
              "title": 5,
            },
            Object {
              "title": "20 Apr 2022, 11:10 UTC",
            },
          ],
          Array [
            Object {
              "title": "taskB",
            },
            Object {
              "title": 3,
            },
            Object {
              "title": "25 Apr 2022, 11:10 UTC",
            },
          ],
        ],
        "sortBy": Object {
          "direction": "asc",
          "index": 0,
        },
      },
      "toolbarProps": Object {
        "pagination": Object {
          "itemCount": 3,
          "onPerPageSelect": [Function],
          "onSetPage": [Function],
          "page": 1,
          "perPage": 10,
        },
      },
    },
    Object {
      "tableProps": Object {
        "cells": Array [
          Object {
            "props": Object {
              "width": 35,
            },
            "sortByProp": "title",
            "title": "Task",
            "transforms": Array [
              [Function],
            ],
          },
          Object {
            "props": Object {
              "width": 20,
            },
            "renderExport": [Function],
            "sortByProp": "system_count",
            "title": "Systems",
            "transforms": Array [
              [Function],
            ],
          },
          Object {
            "props": Object {
              "width": 20,
            },
            "sortByProp": "run_date_time",
            "title": "Run date/time",
            "transforms": Array [
              [Function],
            ],
          },
        ],
        "onSort": [Function],
        "rows": Array [
          Array [
            Object {
              "title": "taskA",
            },
            Object {
              "title": 10,
            },
            Object {
              "title": "Running",
            },
          ],
          Array [
            Object {
              "title": "taskB",
            },
            Object {
              "title": 5,
            },
            Object {
              "title": "20 Apr 2022, 11:10 UTC",
            },
          ],
          Array [
            Object {
              "title": "taskB",
            },
            Object {
              "title": 3,
            },
            Object {
              "title": "25 Apr 2022, 11:10 UTC",
            },
          ],
        ],
        "sortBy": Object {
          "direction": "asc",
          "index": 0,
        },
      },
      "toolbarProps": Object {
        "pagination": Object {
          "itemCount": 3,
          "onPerPageSelect": [Function],
          "onSetPage": [Function],
          "page": 1,
          "perPage": 10,
        },
      },
    },
  ],
  "current": Object {
    "tableProps": Object {
      "cells": Array [
        Object {
          "props": Object {
            "width": 35,
          },
          "sortByProp": "title",
          "title": "Task",
          "transforms": Array [
            [Function],
          ],
        },
        Object {
          "props": Object {
            "width": 20,
          },
          "renderExport": [Function],
          "sortByProp": "system_count",
          "title": "Systems",
          "transforms": Array [
            [Function],
          ],
        },
        Object {
          "props": Object {
            "width": 20,
          },
          "sortByProp": "run_date_time",
          "title": "Run date/time",
          "transforms": Array [
            [Function],
          ],
        },
      ],
      "onSort": [Function],
      "rows": Array [
        Array [
          Object {
            "title": "taskA",
          },
          Object {
            "title": 10,
          },
          Object {
            "title": "Running",
          },
        ],
        Array [
          Object {
            "title": "taskB",
          },
          Object {
            "title": 5,
          },
          Object {
            "title": "20 Apr 2022, 11:10 UTC",
          },
        ],
        Array [
          Object {
            "title": "taskB",
          },
          Object {
            "title": 3,
          },
          Object {
            "title": "25 Apr 2022, 11:10 UTC",
          },
        ],
      ],
      "sortBy": Object {
        "direction": "asc",
        "index": 0,
      },
    },
    "toolbarProps": Object {
      "pagination": Object {
        "itemCount": 3,
        "onPerPageSelect": [Function],
        "onSetPage": [Function],
        "page": 1,
        "perPage": 10,
      },
    },
  },
  "error": undefined,
}
`;
