// Jest Snapshot v1, https://goo.gl/fbAQLP

exports[`useTableTools returns tableProps 1`] = `
{
  "all": [
    {
      "tableProps": {
        "cells": [
          {
            "props": {
              "width": 35,
            },
            "renderExport": [Function],
            "sortByProp": "task_title",
            "title": "Task",
            "transforms": [
              [Function],
            ],
          },
          {
            "props": {
              "width": 20,
            },
            "renderExport": [Function],
            "sortByProp": "systems_count",
            "title": "Systems",
            "transforms": [
              [Function],
            ],
          },
          {
            "props": {
              "width": 20,
            },
            "renderExport": [Function],
            "sortByProp": "start_time",
            "title": "Run date/time",
            "transforms": [
              [Function],
            ],
          },
        ],
        "onSort": [Function],
        "rows": [
          {
            "cells": [
              {
                "title": "taskA",
              },
              {
                "title": 10,
              },
              {
                "title": "2022-04-20T10:10:00",
              },
            ],
            "display_name": undefined,
            "has_stdout": undefined,
            "itemId": undefined,
            "jobId": 1,
          },
          {
            "cells": [
              {
                "title": "taskB",
              },
              {
                "title": 5,
              },
              {
                "title": "2022-04-21T10:10:00",
              },
            ],
            "display_name": undefined,
            "has_stdout": undefined,
            "itemId": undefined,
            "jobId": 2,
          },
          {
            "cells": [
              {
                "title": "special one",
              },
              {
                "title": 42,
              },
              {
                "title": "2022-04
57
hehe","break!",
              },
            ],
            "display_name": undefined,
            "has_stdout": undefined,
            "itemId": undefined,
            "jobId": undefined,
          },
        ],
        "sortBy": {
          "direction": "asc",
          "index": 3,
        },
      },
      "toolbarProps": {
        "pagination": {
          "itemCount": 3,
          "onPerPageSelect": [Function],
          "onSetPage": [Function],
          "page": 1,
          "perPage": 10,
        },
      },
    },
    {
      "tableProps": {
        "cells": [
          {
            "props": {
              "width": 35,
            },
            "renderExport": [Function],
            "sortByProp": "task_title",
            "title": "Task",
            "transforms": [
              [Function],
            ],
          },
          {
            "props": {
              "width": 20,
            },
            "renderExport": [Function],
            "sortByProp": "systems_count",
            "title": "Systems",
            "transforms": [
              [Function],
            ],
          },
          {
            "props": {
              "width": 20,
            },
            "renderExport": [Function],
            "sortByProp": "start_time",
            "title": "Run date/time",
            "transforms": [
              [Function],
            ],
          },
        ],
        "onSort": [Function],
        "rows": [
          {
            "cells": [
              {
                "title": "taskA",
              },
              {
                "title": 10,
              },
              {
                "title": "2022-04-20T10:10:00",
              },
            ],
            "display_name": undefined,
            "has_stdout": undefined,
            "itemId": undefined,
            "jobId": 1,
          },
          {
            "cells": [
              {
                "title": "taskB",
              },
              {
                "title": 5,
              },
              {
                "title": "2022-04-21T10:10:00",
              },
            ],
            "display_name": undefined,
            "has_stdout": undefined,
            "itemId": undefined,
            "jobId": 2,
          },
          {
            "cells": [
              {
                "title": "special one",
              },
              {
                "title": 42,
              },
              {
                "title": "2022-04
57
hehe","break!",
              },
            ],
            "display_name": undefined,
            "has_stdout": undefined,
            "itemId": undefined,
            "jobId": undefined,
          },
        ],
        "sortBy": {
          "direction": "asc",
          "index": 3,
        },
      },
      "toolbarProps": {
        "pagination": {
          "itemCount": 3,
          "onPerPageSelect": [Function],
          "onSetPage": [Function],
          "page": 1,
          "perPage": 10,
        },
      },
    },
  ],
  "current": {
    "tableProps": {
      "cells": [
        {
          "props": {
            "width": 35,
          },
          "renderExport": [Function],
          "sortByProp": "task_title",
          "title": "Task",
          "transforms": [
            [Function],
          ],
        },
        {
          "props": {
            "width": 20,
          },
          "renderExport": [Function],
          "sortByProp": "systems_count",
          "title": "Systems",
          "transforms": [
            [Function],
          ],
        },
        {
          "props": {
            "width": 20,
          },
          "renderExport": [Function],
          "sortByProp": "start_time",
          "title": "Run date/time",
          "transforms": [
            [Function],
          ],
        },
      ],
      "onSort": [Function],
      "rows": [
        {
          "cells": [
            {
              "title": "taskA",
            },
            {
              "title": 10,
            },
            {
              "title": "2022-04-20T10:10:00",
            },
          ],
          "display_name": undefined,
          "has_stdout": undefined,
          "itemId": undefined,
          "jobId": 1,
        },
        {
          "cells": [
            {
              "title": "taskB",
            },
            {
              "title": 5,
            },
            {
              "title": "2022-04-21T10:10:00",
            },
          ],
          "display_name": undefined,
          "has_stdout": undefined,
          "itemId": undefined,
          "jobId": 2,
        },
        {
          "cells": [
            {
              "title": "special one",
            },
            {
              "title": 42,
            },
            {
              "title": "2022-04
57
hehe","break!",
            },
          ],
          "display_name": undefined,
          "has_stdout": undefined,
          "itemId": undefined,
          "jobId": undefined,
        },
      ],
      "sortBy": {
        "direction": "asc",
        "index": 3,
      },
    },
    "toolbarProps": {
      "pagination": {
        "itemCount": 3,
        "onPerPageSelect": [Function],
        "onSetPage": [Function],
        "page": 1,
        "perPage": 10,
      },
    },
  },
  "error": undefined,
}
`;
