// Jest Snapshot v1, https://goo.gl/fbAQLP

exports[`NoResultsTable should render correctly 1`] = `
<DocumentFragment>
  <div
    class="ins-c-table__empty"
  >
     
    <div
      class="pf-v5-l-bullseye"
    >
      <div
        class="pf-v5-c-empty-state"
      >
        <div
          class="pf-v5-c-empty-state__content"
        >
          <div
            class="pf-v5-c-empty-state__header"
          >
            <div
              class="pf-v5-c-empty-state__title"
            >
              <h5
                class="pf-v5-c-empty-state__title-text"
              >
                No matching undefined found
              </h5>
            </div>
          </div>
          <div
            class="pf-v5-c-empty-state__body"
          >
            To continue, edit your filter settings and search again.
          </div>
        </div>
      </div>
    </div>
  </div>
</DocumentFragment>
`;
